../Core/Src/main.c:89:6:HAL_TIM_PWM_PulseFinishedCallback	16	static
../Core/Src/main.c:98:6:Set_LED	40	static
../Core/Src/main.c:111:6:Set_Brightness	16	static
../Core/Src/main.c:133:6:WS2812_Send	32	static
../Core/Src/main.c:180:6:Reset_LED	16	static
../Core/Src/main.c:203:5:main	8	static
../Core/Src/main.c:296:6:SystemClock_Config_HSE	96	static
../Core/Src/main.c:384:13:MX_CAN1_Init	8	static
../Core/Src/main.c:427:13:MX_TIM1_Init	96	static
../Core/Src/main.c:506:13:MX_TIM2_Init	64	static
../Core/Src/main.c:569:13:MX_TIM6_Init	16	static
../Core/Src/main.c:608:13:MX_DMA_Init	16	static
../Core/Src/main.c:636:13:MX_GPIO_Init	40	static
../Core/Src/main.c:658:6:Set_LEDs_ByState	24	static
../Core/Src/main.c:705:6:CAN1_Tx	40	static
../Core/Src/main.c:733:6:CAN_Filter_Config	48	static
../Core/Src/main.c:759:6:HAL_CAN_TxMailbox0CompleteCallback	72	static
../Core/Src/main.c:772:6:HAL_CAN_TxMailbox1CompleteCallback	72	static
../Core/Src/main.c:785:6:HAL_CAN_TxMailbox2CompleteCallback	72	static
../Core/Src/main.c:798:6:HAL_CAN_RxFifo0MsgPendingCallback	144	static
../Core/Src/main.c:834:6:HAL_TIM_PeriodElapsedCallback	16	static
../Core/Src/main.c:845:6:Error_Handler	4	static,ignoring_inline_asm
