../Core/Src/main_app.c:53:6:HAL_TIM_PWM_PulseFinishedCallback	16	static
../Core/Src/main_app.c:59:6:Set_LED	40	static
../Core/Src/main_app.c:72:6:WS2812_Send	32	static
../Core/Src/main_app.c:105:6:Reset_LED	16	static
../Core/Src/main_app.c:116:5:main	16	static
../Core/Src/main_app.c:170:6:SystemClock_Config_HSE	96	static
../Core/Src/main_app.c:256:6:DMA_Init	16	static
../Core/Src/main_app.c:273:6:CAN1_Tx	40	static
../Core/Src/main_app.c:296:6:tim1_dma_selftest	16	static
../Core/Src/main_app.c:311:6:CAN_Filter_Config	48	static
../Core/Src/main_app.c:342:6:GPIO_Init	40	static
../Core/Src/main_app.c:373:6:TIMER6_Init	8	static
../Core/Src/main_app.c:395:6:TIM1_Init	96	static
../Core/Src/main_app.c:471:6:UART2_Init	8	static
../Core/Src/main_app.c:492:6:CAN1_Init	8	static
../Core/Src/main_app.c:529:6:HAL_CAN_TxMailbox0CompleteCallback	72	static
../Core/Src/main_app.c:542:6:HAL_CAN_TxMailbox1CompleteCallback	72	static
../Core/Src/main_app.c:555:6:HAL_CAN_TxMailbox2CompleteCallback	72	static
../Core/Src/main_app.c:568:6:HAL_CAN_RxFifo0MsgPendingCallback	80	static
../Core/Src/main_app.c:654:6:HAL_TIM_PeriodElapsedCallback	16	static
../Core/Src/main_app.c:660:6:LED_Manage_Output	32	static
../Core/Src/main_app.c:769:6:Error_handler	4	static
